# Carte générée par l'éditeur simpliste
20 20 100
# ligne 0
ROCHE_NUE 100
ROCHE_NUE 100
ROCHE_NUE 100
ROCHE_NUE 100
ROCHE_NUE 100
ROCHE_NUE 100
ROCHE_NUE 100
ROCHE_NUE 100
ROCHE_NUE 100
ROCHE_NUE 100
ROCHE_NUE 100
ROCHE_NUE 100
ROCHE_NUE 100
ROCHE_NUE 100
ROCHE_NUE 100
ROCHE_NUE 100
ROCHE_NUE 100
ROCHE_NUE 100
ROCHE_NUE 100
ROCHE_NUE 100
# ligne 1
ROCHE_NUE 100
ROCHE_NUE 100
ROCHE_NUE 100
ROCHE_NUE 100
ROCHE_NUE 100
ROCHE_NUE 100
ROCHE_NUE 100
ROCHE_NUE 100
ROCHE_NUE 100
ROCHE_NUE 100
ROCHE_NUE 100
ROCHE_NUE 100
ROCHE_NUE 100
ROCHE_NUE 100
ROCHE_NUE 100
ROCHE_NUE 100
ROCHE_NUE 100
ROCHE_NUE 100
ROCHE_NUE 100
ROCHE_NUE 100
# ligne 2
ROCHE_NUE 100
ROCHE_NUE 100
ROCHE_NUE 100
ROCHE_NUE 100
ROCHE_NUE 100
ROCHE_NUE 100
ROCHE_NUE 100
ROCHE_NUE 100
ROCHE_NUE 100
ROCHE_NUE 100
ROCHE_NUE 100
ROCHE_NUE 100
ROCHE_NUE 100
ROCHE_NUE 100
ROCHE_NUE 100
ROCHE_NUE 100
ROCHE_NUE 100
ROCHE_NUE 100
ROCHE_NUE 100
ROCHE_NUE 100
# ligne 3
ROCHE_NUE 100
ROCHE_NUE 100
ROCHE_NUE 100
ROCHE_NUE 100
TERRE_ARABLE 100
ROCHE_NUE 100
ROCHE_NUE 100
ROCHE_NUE 100
ROCHE_NUE 100
ROCHE_NUE 100
ROCHE_NUE 100
ROCHE_NUE 100
ROCHE_NUE 100
ROCHE_NUE 100
TERRE_ARABLE 100
ROCHE_NUE 100
ROCHE_NUE 100
ROCHE_NUE 100
ROCHE_NUE 100
ROCHE_NUE 100
# ligne 4
ROCHE_NUE 100
ROCHE_NUE 100
ROCHE_NUE 100
TERRE_ARABLE 100
TERRE_ARABLE 100
ROCHE_NUE 100
ROCHE_NUE 100
ROCHE_NUE 100
ROCHE_NUE 100
ROCHE_NUE 100
ROCHE_NUE 100
ROCHE_NUE 100
ROCHE_NUE 100
ROCHE_NUE 100
TERRE_ARABLE 100
TERRE_ARABLE 100
ROCHE_NUE 100
ROCHE_NUE 100
ROCHE_NUE 100
ROCHE_NUE 100
# ligne 5
ROCHE_NUE 100
ROCHE_NUE 100
ROCHE_NUE 100
ROCHE_NUE 100
ROCHE_NUE 100
TERRE_ARABLE 100
ROCHE_NUE 100
TERRE_ARABLE 100
TERRE_ARABLE 100
TERRE_ARABLE 100
TERRE_ARABLE 100
TERRE_ARABLE 100
ROCHE_NUE 100
TERRE_ARABLE 100
ROCHE_NUE 100
ROCHE_NUE 100
ROCHE_NUE 100
ROCHE_NUE 100
ROCHE_NUE 100
ROCHE_NUE 100
# ligne 6
ROCHE_NUE 100
ROCHE_NUE 100
ROCHE_NUE 100
ROCHE_NUE 100
ROCHE_NUE 100
ROCHE_NUE 100
TERRE_ARABLE 100
TERRE_ARABLE 100
TERRE_ARABLE 100
TERRE_ARABLE 100
TERRE_ARABLE 100
TERRE_ARABLE 100
TERRE_ARABLE 100
ROCHE_NUE 100
ROCHE_NUE 100
ROCHE_NUE 100
ROCHE_NUE 100
ROCHE_NUE 100
ROCHE_NUE 100
ROCHE_NUE 100
# ligne 7
ROCHE_NUE 100
ROCHE_NUE 100
ROCHE_NUE 100
ROCHE_NUE 100
ROCHE_NUE 100
ROCHE_NUE 100
TERRE_ARABLE 100
ROCHE_NUE 100
ROCHE_NUE 100
TERRE_ARABLE 100
ROCHE_NUE 100
ROCHE_NUE 100
TERRE_ARABLE 100
ROCHE_NUE 100
ROCHE_NUE 100
ROCHE_NUE 100
ROCHE_NUE 100
ROCHE_NUE 100
ROCHE_NUE 100
ROCHE_NUE 100
# ligne 8
ROCHE_NUE 100
ROCHE_NUE 100
ROCHE_NUE 100
ROCHE_NUE 100
ROCHE_NUE 100
ROCHE_NUE 100
TERRE_ARABLE 100
ROCHE_NUE 100
TERRE_ARABLE 100
TERRE_ARABLE 100
TERRE_ARABLE 100
ROCHE_NUE 100
TERRE_ARABLE 100
ROCHE_NUE 100
ROCHE_NUE 100
ROCHE_NUE 100
ROCHE_NUE 100
ROCHE_NUE 100
ROCHE_NUE 100
ROCHE_NUE 100
# ligne 9
BROUSSAILLES 100
BROUSSAILLES 100
BROUSSAILLES 100
BROUSSAILLES 100
BROUSSAILLES 100
ROCHE_NUE 100
TERRE_ARABLE 100
TERRE_ARABLE 100
TERRE_ARABLE 100
ROCHE_NUE 100
TERRE_ARABLE 100
TERRE_ARABLE 100
TERRE_ARABLE 100
ROCHE_NUE 100
BROUSSAILLES 100
BROUSSAILLES 100
BROUSSAILLES 100
BROUSSAILLES 100
BROUSSAILLES 100
BROUSSAILLES 100
# ligne 10
ROCHE_NUE 100
ROCHE_NUE 100
ROCHE_NUE 100
ROCHE_NUE 100
ROCHE_NUE 100
ROCHE_NUE 100
ROCHE_NUE 100
TERRE_ARABLE 100
TERRE_ARABLE 100
TERRE_ARABLE 100
TERRE_ARABLE 100
TERRE_ARABLE 100
ROCHE_NUE 100
ROCHE_NUE 100
ROCHE_NUE 100
ROCHE_NUE 100
ROCHE_NUE 100
ROCHE_NUE 100
ROCHE_NUE 100
ROCHE_NUE 100
# ligne 11
ROCHE_NUE 100
ROCHE_NUE 100
ROCHE_NUE 100
ROCHE_NUE 100
ROCHE_NUE 100
ROCHE_NUE 100
ROCHE_NUE 100
TERRE_ARABLE 100
TERRE_ARABLE 100
TERRE_ARABLE 100
TERRE_ARABLE 100
TERRE_ARABLE 100
ROCHE_NUE 100
ROCHE_NUE 100
ROCHE_NUE 100
ROCHE_NUE 100
ROCHE_NUE 100
ROCHE_NUE 100
ROCHE_NUE 100
ROCHE_NUE 100
# ligne 12
ROCHE_NUE 100
ROCHE_NUE 100
ROCHE_NUE 100
ROCHE_NUE 100
ROCHE_NUE 100
ROCHE_NUE 100
TERRE_ARABLE 100
TERRE_ARABLE 100
ROCHE_NUE 100
TERRE_ARABLE 100
ROCHE_NUE 100
TERRE_ARABLE 100
TERRE_ARABLE 100
ROCHE_NUE 100
ROCHE_NUE 100
ROCHE_NUE 100
ROCHE_NUE 100
ROCHE_NUE 100
ROCHE_NUE 100
ROCHE_NUE 100
# ligne 13
ROCHE_NUE 100
ROCHE_NUE 100
ROCHE_NUE 100
ROCHE_NUE 100
ROCHE_NUE 100
TERRE_ARABLE 100
ROCHE_NUE 100
ROCHE_NUE 100
TERRE_ARABLE 100
ROCHE_NUE 100
TERRE_ARABLE 100
ROCHE_NUE 100
ROCHE_NUE 100
TERRE_ARABLE 100
ROCHE_NUE 100
ROCHE_NUE 100
ROCHE_NUE 100
ROCHE_NUE 100
ROCHE_NUE 100
ROCHE_NUE 100
# ligne 14
ROCHE_NUE 100
ROCHE_NUE 100
ROCHE_NUE 100
TERRE_ARABLE 100
TERRE_ARABLE 100
ROCHE_NUE 100
ROCHE_NUE 100
TERRE_ARABLE 100
TERRE_ARABLE 100
TERRE_ARABLE 100
TERRE_ARABLE 100
TERRE_ARABLE 100
ROCHE_NUE 100
ROCHE_NUE 100
TERRE_ARABLE 100
TERRE_ARABLE 100
ROCHE_NUE 100
ROCHE_NUE 100
ROCHE_NUE 100
ROCHE_NUE 100
# ligne 15
ROCHE_NUE 100
ROCHE_NUE 100
ROCHE_NUE 100
ROCHE_NUE 100
TERRE_ARABLE 100
ROCHE_NUE 100
ROCHE_NUE 100
ROCHE_NUE 100
ROCHE_NUE 100
ROCHE_NUE 100
ROCHE_NUE 100
ROCHE_NUE 100
ROCHE_NUE 100
ROCHE_NUE 100
TERRE_ARABLE 100
ROCHE_NUE 100
ROCHE_NUE 100
ROCHE_NUE 100
ROCHE_NUE 100
ROCHE_NUE 100
# ligne 16
ROCHE_NUE 100
ROCHE_NUE 100
ROCHE_NUE 100
ROCHE_NUE 100
ROCHE_NUE 100
ROCHE_NUE 100
ROCHE_NUE 100
ROCHE_NUE 100
ROCHE_NUE 100
ROCHE_NUE 100
ROCHE_NUE 100
ROCHE_NUE 100
ROCHE_NUE 100
ROCHE_NUE 100
ROCHE_NUE 100
ROCHE_NUE 100
ROCHE_NUE 100
ROCHE_NUE 100
ROCHE_NUE 100
ROCHE_NUE 100
# ligne 17
ROCHE_NUE 100
ROCHE_NUE 100
ROCHE_NUE 100
TERRE_ARABLE 100
TERRE_ARABLE 100
TERRE_ARABLE 100
ROCHE_NUE 100
TERRE_ARABLE 100
TERRE_ARABLE 100
ROCHE_NUE 100
TERRE_ARABLE 100
TERRE_ARABLE 100
TERRE_ARABLE 100
ROCHE_NUE 100
TERRE_ARABLE 100
TERRE_ARABLE 100
TERRE_ARABLE 100
ROCHE_NUE 100
ROCHE_NUE 100
ROCHE_NUE 100
# ligne 18
ROCHE_NUE 100
ROCHE_NUE 100
ROCHE_NUE 100
TERRE_ARABLE 100
TERRE_ARABLE 100
TERRE_ARABLE 100
ROCHE_NUE 100
TERRE_ARABLE 100
TERRE_ARABLE 100
ROCHE_NUE 100
TERRE_ARABLE 100
ROCHE_NUE 100
TERRE_ARABLE 100
ROCHE_NUE 100
TERRE_ARABLE 100
ROCHE_NUE 100
TERRE_ARABLE 100
ROCHE_NUE 100
ROCHE_NUE 100
ROCHE_NUE 100
# ligne 19
LAC 100
ROCHE_NUE 100
ROCHE_NUE 100
TERRE_ARABLE 100
ROCHE_NUE 100
TERRE_ARABLE 100
ROCHE_NUE 100
TERRE_ARABLE 100
ROCHE_NUE 100
ROCHE_NUE 100
TERRE_ARABLE 100
TERRE_ARABLE 100
TERRE_ARABLE 100
ROCHE_NUE 100
TERRE_ARABLE 100
TERRE_ARABLE 100
TERRE_ARABLE 100
ROCHE_NUE 100
ROCHE_NUE 100
LAC 100

# Incendies
11
9 0 1.0
9 1 1.0
9 2 1.0
9 3 1.0
9 4 1.0
9 14 1.0
9 15 1.0
9 16 1.0
9 17 1.0
9 18 1.0
9 19 1.0

# Robots
6
0 0 PATTES
0 8 ROUES
0 9 CHENILLES
0 10 ROUES
0 19 PATTES
9 9 DRONE

