# Carte générée par l'éditeur simpliste
50 50 100
# ligne 0
COURS_D_EAU 100
COURS_D_EAU 100
TERRE_ARABLE 100
TERRE_ARABLE 100
TERRE_ARABLE 100
TERRE_ARABLE 100
TERRE_ARABLE 100
TERRE_ARABLE 100
TERRE_ARABLE 100
TERRE_ARABLE 100
TERRE_ARABLE 100
TERRE_ARABLE 100
TERRE_ARABLE 100
TERRE_ARABLE 100
TERRE_ARABLE 100
TERRE_ARABLE 100
TERRE_ARABLE 100
TERRE_ARABLE 100
TERRE_ARABLE 100
TERRE_ARABLE 100
TERRE_ARABLE 100
TERRE_ARABLE 100
TERRE_ARABLE 100
TERRE_ARABLE 100
TERRE_ARABLE 100
TERRE_ARABLE 100
TERRE_ARABLE 100
TERRE_ARABLE 100
TERRE_ARABLE 100
TERRE_ARABLE 100
FORET 100
FORET 100
FORET 100
FORET 100
FORET 100
FORET 100
FORET 100
FORET 100
FORET 100
FORET 100
FORET 100
FORET 100
FORET 100
FORET 100
FORET 100
FORET 100
FORET 100
FORET 100
FORET 100
FORET 100
# ligne 1
TERRE_ARABLE 100
COURS_D_EAU 100
TERRE_ARABLE 100
TERRE_ARABLE 100
TERRE_ARABLE 100
TERRE_ARABLE 100
TERRE_ARABLE 100
TERRE_ARABLE 100
TERRE_ARABLE 100
TERRE_ARABLE 100
TERRE_ARABLE 100
TERRE_ARABLE 100
TERRE_ARABLE 100
TERRE_ARABLE 100
TERRE_ARABLE 100
TERRE_ARABLE 100
TERRE_ARABLE 100
TERRE_ARABLE 100
TERRE_ARABLE 100
TERRE_ARABLE 100
TERRE_ARABLE 100
TERRE_ARABLE 100
TERRE_ARABLE 100
TERRE_ARABLE 100
TERRE_ARABLE 100
TERRE_ARABLE 100
TERRE_ARABLE 100
TERRE_ARABLE 100
TERRE_ARABLE 100
TERRE_ARABLE 100
TERRE_ARABLE 100
FORET 100
FORET 100
FORET 100
FORET 100
FORET 100
FORET 100
FORET 100
FORET 100
FORET 100
FORET 100
FORET 100
FORET 100
FORET 100
FORET 100
FORET 100
FORET 100
FORET 100
FORET 100
FORET 100
# ligne 2
TERRE_ARABLE 100
COURS_D_EAU 100
COURS_D_EAU 100
TERRE_ARABLE 100
TERRE_ARABLE 100
TERRE_ARABLE 100
TERRE_ARABLE 100
TERRE_ARABLE 100
TERRE_ARABLE 100
TERRE_ARABLE 100
TERRE_ARABLE 100
FORET 100
FORET 100
FORET 100
TERRE_ARABLE 100
TERRE_ARABLE 100
TERRE_ARABLE 100
TERRE_ARABLE 100
TERRE_ARABLE 100
TERRE_ARABLE 100
TERRE_ARABLE 100
TERRE_ARABLE 100
TERRE_ARABLE 100
TERRE_ARABLE 100
TERRE_ARABLE 100
TERRE_ARABLE 100
TERRE_ARABLE 100
TERRE_ARABLE 100
TERRE_ARABLE 100
TERRE_ARABLE 100
TERRE_ARABLE 100
TERRE_ARABLE 100
TERRE_ARABLE 100
TERRE_ARABLE 100
FORET 100
FORET 100
FORET 100
FORET 100
FORET 100
FORET 100
FORET 100
FORET 100
FORET 100
FORET 100
FORET 100
FORET 100
FORET 100
FORET 100
FORET 100
FORET 100
# ligne 3
TERRE_ARABLE 100
TERRE_ARABLE 100
COURS_D_EAU 100
COURS_D_EAU 100
TERRE_ARABLE 100
TERRE_ARABLE 100
TERRE_ARABLE 100
TERRE_ARABLE 100
TERRE_ARABLE 100
TERRE_ARABLE 100
FORET 100
FORET 100
FORET 100
FORET 100
FORET 100
TERRE_ARABLE 100
TERRE_ARABLE 100
TERRE_ARABLE 100
TERRE_ARABLE 100
TERRE_ARABLE 100
TERRE_ARABLE 100
TERRE_ARABLE 100
TERRE_ARABLE 100
TERRE_ARABLE 100
TERRE_ARABLE 100
TERRE_ARABLE 100
TERRE_ARABLE 100
TERRE_ARABLE 100
TERRE_ARABLE 100
TERRE_ARABLE 100
TERRE_ARABLE 100
TERRE_ARABLE 100
TERRE_ARABLE 100
TERRE_ARABLE 100
FORET 100
FORET 100
FORET 100
FORET 100
FORET 100
FORET 100
FORET 100
FORET 100
FORET 100
FORET 100
FORET 100
FORET 100
FORET 100
FORET 100
FORET 100
FORET 100
# ligne 4
TERRE_ARABLE 100
TERRE_ARABLE 100
TERRE_ARABLE 100
COURS_D_EAU 100
TERRE_ARABLE 100
TERRE_ARABLE 100
TERRE_ARABLE 100
TERRE_ARABLE 100
TERRE_ARABLE 100
FORET 100
FORET 100
FORET 100
FORET 100
FORET 100
FORET 100
FORET 100
TERRE_ARABLE 100
TERRE_ARABLE 100
TERRE_ARABLE 100
TERRE_ARABLE 100
TERRE_ARABLE 100
TERRE_ARABLE 100
TERRE_ARABLE 100
TERRE_ARABLE 100
TERRE_ARABLE 100
TERRE_ARABLE 100
TERRE_ARABLE 100
TERRE_ARABLE 100
TERRE_ARABLE 100
TERRE_ARABLE 100
TERRE_ARABLE 100
TERRE_ARABLE 100
TERRE_ARABLE 100
TERRE_ARABLE 100
FORET 100
FORET 100
FORET 100
FORET 100
FORET 100
TERRE_ARABLE 100
TERRE_ARABLE 100
TERRE_ARABLE 100
FORET 100
FORET 100
FORET 100
FORET 100
FORET 100
FORET 100
FORET 100
FORET 100
# ligne 5
TERRE_ARABLE 100
TERRE_ARABLE 100
TERRE_ARABLE 100
COURS_D_EAU 100
COURS_D_EAU 100
TERRE_ARABLE 100
TERRE_ARABLE 100
TERRE_ARABLE 100
TERRE_ARABLE 100
FORET 100
FORET 100
TERRE_ARABLE 100
FORET 100
TERRE_ARABLE 100
FORET 100
FORET 100
TERRE_ARABLE 100
TERRE_ARABLE 100
TERRE_ARABLE 100
TERRE_ARABLE 100
TERRE_ARABLE 100
TERRE_ARABLE 100
TERRE_ARABLE 100
TERRE_ARABLE 100
TERRE_ARABLE 100
TERRE_ARABLE 100
TERRE_ARABLE 100
TERRE_ARABLE 100
TERRE_ARABLE 100
TERRE_ARABLE 100
TERRE_ARABLE 100
TERRE_ARABLE 100
TERRE_ARABLE 100
TERRE_ARABLE 100
TERRE_ARABLE 100
TERRE_ARABLE 100
TERRE_ARABLE 100
TERRE_ARABLE 100
TERRE_ARABLE 100
TERRE_ARABLE 100
TERRE_ARABLE 100
PATURAGE 100
PATURAGE 100
TERRE_ARABLE 100
FORET 100
FORET 100
FORET 100
FORET 100
FORET 100
FORET 100
# ligne 6
TERRE_ARABLE 100
TERRE_ARABLE 100
TERRE_ARABLE 100
TERRE_ARABLE 100
COURS_D_EAU 100
COURS_D_EAU 100
COURS_D_EAU 100
TERRE_ARABLE 100
TERRE_ARABLE 100
FORET 100
FORET 100
TERRE_ARABLE 100
FORET 100
TERRE_ARABLE 100
FORET 100
FORET 100
TERRE_ARABLE 100
TERRE_ARABLE 100
TERRE_ARABLE 100
TERRE_ARABLE 100
TERRE_ARABLE 100
TERRE_ARABLE 100
TERRE_ARABLE 100
TERRE_ARABLE 100
TERRE_ARABLE 100
TERRE_ARABLE 100
TERRE_ARABLE 100
TERRE_ARABLE 100
TERRE_ARABLE 100
TERRE_ARABLE 100
TERRE_ARABLE 100
TERRE_ARABLE 100
TERRE_ARABLE 100
TERRE_ARABLE 100
TERRE_ARABLE 100
TERRE_ARABLE 100
TERRE_ARABLE 100
TERRE_ARABLE 100
TERRE_ARABLE 100
TERRE_ARABLE 100
TERRE_ARABLE 100
PATURAGE 100
PATURAGE 100
PATURAGE 100
PATURAGE 100
TERRE_ARABLE 100
FORET 100
FORET 100
FORET 100
FORET 100
# ligne 7
TERRE_ARABLE 100
TERRE_ARABLE 100
TERRE_ARABLE 100
TERRE_ARABLE 100
TERRE_ARABLE 100
TERRE_ARABLE 100
COURS_D_EAU 100
TERRE_ARABLE 100
TERRE_ARABLE 100
FORET 100
FORET 100
FORET 100
FORET 100
FORET 100
FORET 100
FORET 100
TERRE_ARABLE 100
TERRE_ARABLE 100
TERRE_ARABLE 100
TERRE_ARABLE 100
TERRE_ARABLE 100
TERRE_ARABLE 100
TERRE_ARABLE 100
TERRE_ARABLE 100
TERRE_ARABLE 100
TERRE_ARABLE 100
TERRE_ARABLE 100
TERRE_ARABLE 100
TERRE_ARABLE 100
TERRE_ARABLE 100
TERRE_ARABLE 100
TERRE_ARABLE 100
TERRE_ARABLE 100
TERRE_ARABLE 100
TERRE_ARABLE 100
TERRE_ARABLE 100
TERRE_ARABLE 100
TERRE_ARABLE 100
TERRE_ARABLE 100
TERRE_ARABLE 100
TERRE_ARABLE 100
PATURAGE 100
PATURAGE 100
PATURAGE 100
PATURAGE 100
TERRE_ARABLE 100
FORET 100
FORET 100
FORET 100
FORET 100
# ligne 8
TERRE_ARABLE 100
TERRE_ARABLE 100
TERRE_ARABLE 100
TERRE_ARABLE 100
TERRE_ARABLE 100
TERRE_ARABLE 100
COURS_D_EAU 100
COURS_D_EAU 100
TERRE_ARABLE 100
TERRE_ARABLE 100
TERRE_ARABLE 100
FORET 100
FORET 100
FORET 100
TERRE_ARABLE 100
TERRE_ARABLE 100
TERRE_ARABLE 100
TERRE_ARABLE 100
TERRE_ARABLE 100
TERRE_ARABLE 100
TERRE_ARABLE 100
TERRE_ARABLE 100
TERRE_ARABLE 100
TERRE_ARABLE 100
TERRE_ARABLE 100
TERRE_ARABLE 100
TERRE_ARABLE 100
TERRE_ARABLE 100
TERRE_ARABLE 100
TERRE_ARABLE 100
TERRE_ARABLE 100
TERRE_ARABLE 100
TERRE_ARABLE 100
TERRE_ARABLE 100
TERRE_ARABLE 100
TERRE_ARABLE 100
TERRE_ARABLE 100
TERRE_ARABLE 100
TERRE_ARABLE 100
TERRE_ARABLE 100
TERRE_ARABLE 100
PATURAGE 100
PATURAGE 100
PATURAGE 100
PATURAGE 100
PATURAGE 100
TERRE_ARABLE 100
FORET 100
FORET 100
FORET 100
# ligne 9
TERRE_ARABLE 100
TERRE_ARABLE 100
TERRE_ARABLE 100
TERRE_ARABLE 100
TERRE_ARABLE 100
TERRE_ARABLE 100
TERRE_ARABLE 100
COURS_D_EAU 100
COURS_D_EAU 100
TERRE_ARABLE 100
FORET 100
TERRE_ARABLE 100
TERRE_ARABLE 100
TERRE_ARABLE 100
FORET 100
TERRE_ARABLE 100
TERRE_ARABLE 100
TERRE_ARABLE 100
TERRE_ARABLE 100
TERRE_ARABLE 100
TERRE_ARABLE 100
TERRE_ARABLE 100
COURS_D_EAU 100
COURS_D_EAU 100
COURS_D_EAU 100
COURS_D_EAU 100
COURS_D_EAU 100
TERRE_ARABLE 100
TERRE_ARABLE 100
TERRE_ARABLE 100
TERRE_ARABLE 100
TERRE_ARABLE 100
TERRE_ARABLE 100
TERRE_ARABLE 100
TERRE_ARABLE 100
TERRE_ARABLE 100
TERRE_ARABLE 100
TERRE_ARABLE 100
TERRE_ARABLE 100
TERRE_ARABLE 100
TERRE_ARABLE 100
PATURAGE 100
PATURAGE 100
PATURAGE 100
PATURAGE 100
TERRE_ARABLE 100
TERRE_ARABLE 100
FORET 100
FORET 100
FORET 100
# ligne 10
TERRE_ARABLE 100
TERRE_ARABLE 100
TERRE_ARABLE 100
TERRE_ARABLE 100
TERRE_ARABLE 100
TERRE_ARABLE 100
TERRE_ARABLE 100
TERRE_ARABLE 100
COURS_D_EAU 100
TERRE_ARABLE 100
FORET 100
TERRE_ARABLE 100
TERRE_ARABLE 100
TERRE_ARABLE 100
FORET 100
TERRE_ARABLE 100
TERRE_ARABLE 100
TERRE_ARABLE 100
COURS_D_EAU 100
COURS_D_EAU 100
COURS_D_EAU 100
COURS_D_EAU 100
COURS_D_EAU 100
TERRE_ARABLE 100
TERRE_ARABLE 100
TERRE_ARABLE 100
TERRE_ARABLE 100
COURS_D_EAU 100
COURS_D_EAU 100
COURS_D_EAU 100
COURS_D_EAU 100
COURS_D_EAU 100
TERRE_ARABLE 100
TERRE_ARABLE 100
TERRE_ARABLE 100
TERRE_ARABLE 100
TERRE_ARABLE 100
TERRE_ARABLE 100
TERRE_ARABLE 100
TERRE_ARABLE 100
TERRE_ARABLE 100
PATURAGE 100
PATURAGE 100
PATURAGE 100
PATURAGE 100
PATURAGE 100
TERRE_ARABLE 100
FORET 100
FORET 100
FORET 100
# ligne 11
TERRE_ARABLE 100
TERRE_ARABLE 100
TERRE_ARABLE 100
TERRE_ARABLE 100
TERRE_ARABLE 100
TERRE_ARABLE 100
TERRE_ARABLE 100
TERRE_ARABLE 100
COURS_D_EAU 100
FORET 100
TERRE_ARABLE 100
TERRE_ARABLE 100
TERRE_ARABLE 100
TERRE_ARABLE 100
TERRE_ARABLE 100
FORET 100
COURS_D_EAU 100
COURS_D_EAU 100
TERRE_ARABLE 100
TERRE_ARABLE 100
TERRE_ARABLE 100
TERRE_ARABLE 100
TERRE_ARABLE 100
TERRE_ARABLE 100
TERRE_ARABLE 100
TERRE_ARABLE 100
TERRE_ARABLE 100
TERRE_ARABLE 100
TERRE_ARABLE 100
TERRE_ARABLE 100
TERRE_ARABLE 100
COURS_D_EAU 100
COURS_D_EAU 100
TERRE_ARABLE 100
TERRE_ARABLE 100
TERRE_ARABLE 100
TERRE_ARABLE 100
TERRE_ARABLE 100
TERRE_ARABLE 100
TERRE_ARABLE 100
TERRE_ARABLE 100
PATURAGE 100
PATURAGE 100
PATURAGE 100
PATURAGE 100
TERRE_ARABLE 100
TERRE_ARABLE 100
FORET 100
FORET 100
TERRE_ARABLE 100
# ligne 12
TERRE_ARABLE 100
TERRE_ARABLE 100
TERRE_ARABLE 100
TERRE_ARABLE 100
TERRE_ARABLE 100
TERRE_ARABLE 100
TERRE_ARABLE 100
TERRE_ARABLE 100
COURS_D_EAU 100
TERRE_ARABLE 100
TERRE_ARABLE 100
TERRE_ARABLE 100
TERRE_ARABLE 100
TERRE_ARABLE 100
COURS_D_EAU 100
COURS_D_EAU 100
COURS_D_EAU 100
TERRE_ARABLE 100
TERRE_ARABLE 100
TERRE_ARABLE 100
TERRE_ARABLE 100
TERRE_ARABLE 100
TERRE_ARABLE 100
TERRE_ARABLE 100
TERRE_ARABLE 100
TERRE_ARABLE 100
TERRE_ARABLE 100
TERRE_ARABLE 100
TERRE_ARABLE 100
TERRE_ARABLE 100
TERRE_ARABLE 100
TERRE_ARABLE 100
COURS_D_EAU 100
COURS_D_EAU 100
COURS_D_EAU 100
TERRE_ARABLE 100
TERRE_ARABLE 100
TERRE_ARABLE 100
TERRE_ARABLE 100
TERRE_ARABLE 100
TERRE_ARABLE 100
PATURAGE 100
PATURAGE 100
PATURAGE 100
PATURAGE 100
PATURAGE 100
TERRE_ARABLE 100
TERRE_ARABLE 100
TERRE_ARABLE 100
TERRE_ARABLE 100
# ligne 13
TERRE_ARABLE 100
TERRE_ARABLE 100
TERRE_ARABLE 100
TERRE_ARABLE 100
TERRE_ARABLE 100
TERRE_ARABLE 100
TERRE_ARABLE 100
TERRE_ARABLE 100
COURS_D_EAU 100
TERRE_ARABLE 100
TERRE_ARABLE 100
TERRE_ARABLE 100
TERRE_ARABLE 100
TERRE_ARABLE 100
COURS_D_EAU 100
TERRE_ARABLE 100
TERRE_ARABLE 100
TERRE_ARABLE 100
TERRE_ARABLE 100
TERRE_ARABLE 100
TERRE_ARABLE 100
TERRE_ARABLE 100
TERRE_ARABLE 100
TERRE_ARABLE 100
TERRE_ARABLE 100
TERRE_ARABLE 100
TERRE_ARABLE 100
TERRE_ARABLE 100
TERRE_ARABLE 100
TERRE_ARABLE 100
TERRE_ARABLE 100
TERRE_ARABLE 100
TERRE_ARABLE 100
TERRE_ARABLE 100
COURS_D_EAU 100
COURS_D_EAU 100
TERRE_ARABLE 100
TERRE_ARABLE 100
TERRE_ARABLE 100
TERRE_ARABLE 100
TERRE_ARABLE 100
PATURAGE 100
PATURAGE 100
PATURAGE 100
PATURAGE 100
PATURAGE 100
PATURAGE 100
TERRE_ARABLE 100
TERRE_ARABLE 100
TERRE_ARABLE 100
# ligne 14
TERRE_ARABLE 100
TERRE_ARABLE 100
TERRE_ARABLE 100
TERRE_ARABLE 100
TERRE_ARABLE 100
TERRE_ARABLE 100
TERRE_ARABLE 100
TERRE_ARABLE 100
COURS_D_EAU 100
TERRE_ARABLE 100
TERRE_ARABLE 100
TERRE_ARABLE 100
TERRE_ARABLE 100
COURS_D_EAU 100
COURS_D_EAU 100
TERRE_ARABLE 100
TERRE_ARABLE 100
TERRE_ARABLE 100
TERRE_ARABLE 100
TERRE_ARABLE 100
TERRE_ARABLE 100
TERRE_ARABLE 100
TERRE_ARABLE 100
TERRE_ARABLE 100
TERRE_ARABLE 100
TERRE_ARABLE 100
TERRE_ARABLE 100
TERRE_ARABLE 100
TERRE_ARABLE 100
TERRE_ARABLE 100
TERRE_ARABLE 100
TERRE_ARABLE 100
TERRE_ARABLE 100
TERRE_ARABLE 100
TERRE_ARABLE 100
COURS_D_EAU 100
COURS_D_EAU 100
TERRE_ARABLE 100
TERRE_ARABLE 100
TERRE_ARABLE 100
TERRE_ARABLE 100
PATURAGE 100
PATURAGE 100
PATURAGE 100
PATURAGE 100
PATURAGE 100
PATURAGE 100
PATURAGE 100
TERRE_ARABLE 100
TERRE_ARABLE 100
# ligne 15
TERRE_ARABLE 100
TERRE_ARABLE 100
TERRE_ARABLE 100
TERRE_ARABLE 100
TERRE_ARABLE 100
TERRE_ARABLE 100
TERRE_ARABLE 100
TERRE_ARABLE 100
COURS_D_EAU 100
TERRE_ARABLE 100
TERRE_ARABLE 100
TERRE_ARABLE 100
TERRE_ARABLE 100
COURS_D_EAU 100
TERRE_ARABLE 100
TERRE_ARABLE 100
TERRE_ARABLE 100
TERRE_ARABLE 100
TERRE_ARABLE 100
TERRE_ARABLE 100
COURS_D_EAU 100
COURS_D_EAU 100
COURS_D_EAU 100
COURS_D_EAU 100
COURS_D_EAU 100
COURS_D_EAU 100
COURS_D_EAU 100
COURS_D_EAU 100
COURS_D_EAU 100
TERRE_ARABLE 100
TERRE_ARABLE 100
TERRE_ARABLE 100
TERRE_ARABLE 100
TERRE_ARABLE 100
TERRE_ARABLE 100
TERRE_ARABLE 100
COURS_D_EAU 100
TERRE_ARABLE 100
TERRE_ARABLE 100
TERRE_ARABLE 100
TERRE_ARABLE 100
TERRE_ARABLE 100
PATURAGE 100
PATURAGE 100
PATURAGE 100
PATURAGE 100
PATURAGE 100
PATURAGE 100
TERRE_ARABLE 100
TERRE_ARABLE 100
# ligne 16
TERRE_ARABLE 100
TERRE_ARABLE 100
TERRE_ARABLE 100
TERRE_ARABLE 100
TERRE_ARABLE 100
TERRE_ARABLE 100
TERRE_ARABLE 100
TERRE_ARABLE 100
COURS_D_EAU 100
TERRE_ARABLE 100
TERRE_ARABLE 100
TERRE_ARABLE 100
TERRE_ARABLE 100
COURS_D_EAU 100
TERRE_ARABLE 100
TERRE_ARABLE 100
TERRE_ARABLE 100
TERRE_ARABLE 100
COURS_D_EAU 100
COURS_D_EAU 100
COURS_D_EAU 100
TERRE_ARABLE 100
TERRE_ARABLE 100
TERRE_ARABLE 100
TERRE_ARABLE 100
TERRE_ARABLE 100
TERRE_ARABLE 100
TERRE_ARABLE 100
COURS_D_EAU 100
COURS_D_EAU 100
COURS_D_EAU 100
TERRE_ARABLE 100
TERRE_ARABLE 100
TERRE_ARABLE 100
TERRE_ARABLE 100
TERRE_ARABLE 100
COURS_D_EAU 100
TERRE_ARABLE 100
TERRE_ARABLE 100
TERRE_ARABLE 100
TERRE_ARABLE 100
TERRE_ARABLE 100
TERRE_ARABLE 100
TERRE_ARABLE 100
TERRE_ARABLE 100
TERRE_ARABLE 100
TERRE_ARABLE 100
TERRE_ARABLE 100
TERRE_ARABLE 100
TERRE_ARABLE 100
# ligne 17
TERRE_ARABLE 100
TERRE_ARABLE 100
TERRE_ARABLE 100
TERRE_ARABLE 100
TERRE_ARABLE 100
TERRE_ARABLE 100
TERRE_ARABLE 100
TERRE_ARABLE 100
COURS_D_EAU 100
TERRE_ARABLE 100
TERRE_ARABLE 100
TERRE_ARABLE 100
TERRE_ARABLE 100
COURS_D_EAU 100
TERRE_ARABLE 100
TERRE_ARABLE 100
TERRE_ARABLE 100
COURS_D_EAU 100
COURS_D_EAU 100
TERRE_ARABLE 100
TERRE_ARABLE 100
TERRE_ARABLE 100
TERRE_ARABLE 100
TERRE_ARABLE 100
TERRE_ARABLE 100
TERRE_ARABLE 100
TERRE_ARABLE 100
TERRE_ARABLE 100
TERRE_ARABLE 100
TERRE_ARABLE 100
COURS_D_EAU 100
COURS_D_EAU 100
TERRE_ARABLE 100
TERRE_ARABLE 100
TERRE_ARABLE 100
TERRE_ARABLE 100
COURS_D_EAU 100
COURS_D_EAU 100
TERRE_ARABLE 100
TERRE_ARABLE 100
TERRE_ARABLE 100
TERRE_ARABLE 100
TERRE_ARABLE 100
TERRE_ARABLE 100
TERRE_ARABLE 100
TERRE_ARABLE 100
TERRE_ARABLE 100
TERRE_ARABLE 100
TERRE_ARABLE 100
TERRE_ARABLE 100
# ligne 18
TERRE_ARABLE 100
TERRE_ARABLE 100
TERRE_ARABLE 100
TERRE_ARABLE 100
TERRE_ARABLE 100
TERRE_ARABLE 100
TERRE_ARABLE 100
TERRE_ARABLE 100
COURS_D_EAU 100
TERRE_ARABLE 100
TERRE_ARABLE 100
TERRE_ARABLE 100
TERRE_ARABLE 100
COURS_D_EAU 100
TERRE_ARABLE 100
TERRE_ARABLE 100
TERRE_ARABLE 100
COURS_D_EAU 100
TERRE_ARABLE 100
TERRE_ARABLE 100
TERRE_ARABLE 100
TERRE_ARABLE 100
TERRE_ARABLE 100
TERRE_ARABLE 100
TERRE_ARABLE 100
TERRE_ARABLE 100
TERRE_ARABLE 100
TERRE_ARABLE 100
TERRE_ARABLE 100
TERRE_ARABLE 100
TERRE_ARABLE 100
COURS_D_EAU 100
TERRE_ARABLE 100
TERRE_ARABLE 100
TERRE_ARABLE 100
TERRE_ARABLE 100
TERRE_ARABLE 100
COURS_D_EAU 100
TERRE_ARABLE 100
TERRE_ARABLE 100
TERRE_ARABLE 100
TERRE_ARABLE 100
TERRE_ARABLE 100
TERRE_ARABLE 100
TERRE_ARABLE 100
TERRE_ARABLE 100
TERRE_ARABLE 100
TERRE_ARABLE 100
TERRE_ARABLE 100
TERRE_ARABLE 100
# ligne 19
TERRE_ARABLE 100
TERRE_ARABLE 100
TERRE_ARABLE 100
TERRE_ARABLE 100
TERRE_ARABLE 100
TERRE_ARABLE 100
TERRE_ARABLE 100
TERRE_ARABLE 100
COURS_D_EAU 100
TERRE_ARABLE 100
TERRE_ARABLE 100
TERRE_ARABLE 100
TERRE_ARABLE 100
COURS_D_EAU 100
TERRE_ARABLE 100
TERRE_ARABLE 100
TERRE_ARABLE 100
COURS_D_EAU 100
TERRE_ARABLE 100
TERRE_ARABLE 100
TERRE_ARABLE 100
TERRE_ARABLE 100
TERRE_ARABLE 100
TERRE_ARABLE 100
TERRE_ARABLE 100
TERRE_ARABLE 100
TERRE_ARABLE 100
TERRE_ARABLE 100
TERRE_ARABLE 100
TERRE_ARABLE 100
TERRE_ARABLE 100
COURS_D_EAU 100
COURS_D_EAU 100
TERRE_ARABLE 100
TERRE_ARABLE 100
TERRE_ARABLE 100
TERRE_ARABLE 100
COURS_D_EAU 100
TERRE_ARABLE 100
TERRE_ARABLE 100
TERRE_ARABLE 100
TERRE_ARABLE 100
TERRE_ARABLE 100
TERRE_ARABLE 100
TERRE_ARABLE 100
TERRE_ARABLE 100
TERRE_ARABLE 100
TERRE_ARABLE 100
TERRE_ARABLE 100
TERRE_ARABLE 100
# ligne 20
TERRE_ARABLE 100
TERRE_ARABLE 100
TERRE_ARABLE 100
TERRE_ARABLE 100
TERRE_ARABLE 100
TERRE_ARABLE 100
TERRE_ARABLE 100
TERRE_ARABLE 100
COURS_D_EAU 100
TERRE_ARABLE 100
TERRE_ARABLE 100
TERRE_ARABLE 100
TERRE_ARABLE 100
COURS_D_EAU 100
TERRE_ARABLE 100
TERRE_ARABLE 100
TERRE_ARABLE 100
COURS_D_EAU 100
COURS_D_EAU 100
TERRE_ARABLE 100
TERRE_ARABLE 100
TERRE_ARABLE 100
TERRE_ARABLE 100
TERRE_ARABLE 100
LAC 100
LAC 100
LAC 100
TERRE_ARABLE 100
TERRE_ARABLE 100
TERRE_ARABLE 100
TERRE_ARABLE 100
TERRE_ARABLE 100
COURS_D_EAU 100
TERRE_ARABLE 100
TERRE_ARABLE 100
TERRE_ARABLE 100
TERRE_ARABLE 100
COURS_D_EAU 100
TERRE_ARABLE 100
TERRE_ARABLE 100
TERRE_ARABLE 100
TERRE_ARABLE 100
TERRE_ARABLE 100
TERRE_ARABLE 100
TERRE_ARABLE 100
TERRE_ARABLE 100
TERRE_ARABLE 100
TERRE_ARABLE 100
TERRE_ARABLE 100
TERRE_ARABLE 100
# ligne 21
TERRE_ARABLE 100
TERRE_ARABLE 100
TERRE_ARABLE 100
TERRE_ARABLE 100
TERRE_ARABLE 100
TERRE_ARABLE 100
TERRE_ARABLE 100
TERRE_ARABLE 100
COURS_D_EAU 100
TERRE_ARABLE 100
TERRE_ARABLE 100
TERRE_ARABLE 100
TERRE_ARABLE 100
COURS_D_EAU 100
TERRE_ARABLE 100
TERRE_ARABLE 100
TERRE_ARABLE 100
TERRE_ARABLE 100
COURS_D_EAU 100
TERRE_ARABLE 100
TERRE_ARABLE 100
TERRE_ARABLE 100
TERRE_ARABLE 100
LAC 100
LAC 100
LAC 100
LAC 100
TERRE_ARABLE 100
TERRE_ARABLE 100
TERRE_ARABLE 100
TERRE_ARABLE 100
TERRE_ARABLE 100
COURS_D_EAU 100
TERRE_ARABLE 100
TERRE_ARABLE 100
TERRE_ARABLE 100
TERRE_ARABLE 100
COURS_D_EAU 100
TERRE_ARABLE 100
TERRE_ARABLE 100
TERRE_ARABLE 100
TERRE_ARABLE 100
TERRE_ARABLE 100
TERRE_ARABLE 100
TERRE_ARABLE 100
TERRE_ARABLE 100
TERRE_ARABLE 100
TERRE_ARABLE 100
TERRE_ARABLE 100
TERRE_ARABLE 100
# ligne 22
TERRE_ARABLE 100
TERRE_ARABLE 100
TERRE_ARABLE 100
TERRE_ARABLE 100
TERRE_ARABLE 100
TERRE_ARABLE 100
TERRE_ARABLE 100
TERRE_ARABLE 100
COURS_D_EAU 100
TERRE_ARABLE 100
TERRE_ARABLE 100
TERRE_ARABLE 100
TERRE_ARABLE 100
COURS_D_EAU 100
COURS_D_EAU 100
TERRE_ARABLE 100
TERRE_ARABLE 100
TERRE_ARABLE 100
COURS_D_EAU 100
TERRE_ARABLE 100
TERRE_ARABLE 100
TERRE_ARABLE 100
TERRE_ARABLE 100
LAC 100
LAC 100
LAC 100
LAC 100
TERRE_ARABLE 100
TERRE_ARABLE 100
TERRE_ARABLE 100
TERRE_ARABLE 100
TERRE_ARABLE 100
COURS_D_EAU 100
TERRE_ARABLE 100
TERRE_ARABLE 100
TERRE_ARABLE 100
TERRE_ARABLE 100
COURS_D_EAU 100
TERRE_ARABLE 100
TERRE_ARABLE 100
TERRE_ARABLE 100
TERRE_ARABLE 100
TERRE_ARABLE 100
TERRE_ARABLE 100
TERRE_ARABLE 100
TERRE_ARABLE 100
TERRE_ARABLE 100
TERRE_ARABLE 100
TERRE_ARABLE 100
TERRE_ARABLE 100
# ligne 23
TERRE_ARABLE 100
TERRE_ARABLE 100
TERRE_ARABLE 100
TERRE_ARABLE 100
TERRE_ARABLE 100
TERRE_ARABLE 100
TERRE_ARABLE 100
TERRE_ARABLE 100
COURS_D_EAU 100
TERRE_ARABLE 100
TERRE_ARABLE 100
TERRE_ARABLE 100
TERRE_ARABLE 100
TERRE_ARABLE 100
COURS_D_EAU 100
TERRE_ARABLE 100
TERRE_ARABLE 100
TERRE_ARABLE 100
COURS_D_EAU 100
TERRE_ARABLE 100
TERRE_ARABLE 100
TERRE_ARABLE 100
TERRE_ARABLE 100
LAC 100
LAC 100
LAC 100
COURS_D_EAU 100
TERRE_ARABLE 100
TERRE_ARABLE 100
TERRE_ARABLE 100
TERRE_ARABLE 100
TERRE_ARABLE 100
COURS_D_EAU 100
COURS_D_EAU 100
TERRE_ARABLE 100
TERRE_ARABLE 100
COURS_D_EAU 100
COURS_D_EAU 100
TERRE_ARABLE 100
TERRE_ARABLE 100
TERRE_ARABLE 100
TERRE_ARABLE 100
TERRE_ARABLE 100
TERRE_ARABLE 100
TERRE_ARABLE 100
TERRE_ARABLE 100
TERRE_ARABLE 100
TERRE_ARABLE 100
TERRE_ARABLE 100
TERRE_ARABLE 100
# ligne 24
TERRE_ARABLE 100
TERRE_ARABLE 100
TERRE_ARABLE 100
TERRE_ARABLE 100
TERRE_ARABLE 100
TERRE_ARABLE 100
TERRE_ARABLE 100
TERRE_ARABLE 100
COURS_D_EAU 100
TERRE_ARABLE 100
TERRE_ARABLE 100
TERRE_ARABLE 100
TERRE_ARABLE 100
TERRE_ARABLE 100
COURS_D_EAU 100
TERRE_ARABLE 100
TERRE_ARABLE 100
TERRE_ARABLE 100
COURS_D_EAU 100
TERRE_ARABLE 100
TERRE_ARABLE 100
TERRE_ARABLE 100
TERRE_ARABLE 100
TERRE_ARABLE 100
TERRE_ARABLE 100
TERRE_ARABLE 100
COURS_D_EAU 100
TERRE_ARABLE 100
TERRE_ARABLE 100
TERRE_ARABLE 100
TERRE_ARABLE 100
TERRE_ARABLE 100
TERRE_ARABLE 100
COURS_D_EAU 100
TERRE_ARABLE 100
TERRE_ARABLE 100
COURS_D_EAU 100
TERRE_ARABLE 100
TERRE_ARABLE 100
TERRE_ARABLE 100
TERRE_ARABLE 100
TERRE_ARABLE 100
TERRE_ARABLE 100
PATURAGE 100
PATURAGE 100
TERRE_ARABLE 100
TERRE_ARABLE 100
TERRE_ARABLE 100
TERRE_ARABLE 100
TERRE_ARABLE 100
# ligne 25
TERRE_ARABLE 100
TERRE_ARABLE 100
TERRE_ARABLE 100
TERRE_ARABLE 100
TERRE_ARABLE 100
TERRE_ARABLE 100
TERRE_ARABLE 100
TERRE_ARABLE 100
COURS_D_EAU 100
TERRE_ARABLE 100
TERRE_ARABLE 100
TERRE_ARABLE 100
TERRE_ARABLE 100
TERRE_ARABLE 100
COURS_D_EAU 100
TERRE_ARABLE 100
TERRE_ARABLE 100
TERRE_ARABLE 100
COURS_D_EAU 100
COURS_D_EAU 100
TERRE_ARABLE 100
TERRE_ARABLE 100
TERRE_ARABLE 100
TERRE_ARABLE 100
TERRE_ARABLE 100
TERRE_ARABLE 100
COURS_D_EAU 100
COURS_D_EAU 100
TERRE_ARABLE 100
TERRE_ARABLE 100
TERRE_ARABLE 100
TERRE_ARABLE 100
TERRE_ARABLE 100
COURS_D_EAU 100
TERRE_ARABLE 100
TERRE_ARABLE 100
COURS_D_EAU 100
TERRE_ARABLE 100
TERRE_ARABLE 100
TERRE_ARABLE 100
TERRE_ARABLE 100
TERRE_ARABLE 100
PATURAGE 100
PATURAGE 100
PATURAGE 100
PATURAGE 100
TERRE_ARABLE 100
TERRE_ARABLE 100
TERRE_ARABLE 100
TERRE_ARABLE 100
# ligne 26
TERRE_ARABLE 100
TERRE_ARABLE 100
TERRE_ARABLE 100
TERRE_ARABLE 100
TERRE_ARABLE 100
TERRE_ARABLE 100
TERRE_ARABLE 100
TERRE_ARABLE 100
COURS_D_EAU 100
TERRE_ARABLE 100
TERRE_ARABLE 100
TERRE_ARABLE 100
TERRE_ARABLE 100
TERRE_ARABLE 100
COURS_D_EAU 100
COURS_D_EAU 100
TERRE_ARABLE 100
TERRE_ARABLE 100
TERRE_ARABLE 100
COURS_D_EAU 100
COURS_D_EAU 100
TERRE_ARABLE 100
TERRE_ARABLE 100
TERRE_ARABLE 100
TERRE_ARABLE 100
TERRE_ARABLE 100
TERRE_ARABLE 100
COURS_D_EAU 100
TERRE_ARABLE 100
TERRE_ARABLE 100
TERRE_ARABLE 100
TERRE_ARABLE 100
TERRE_ARABLE 100
COURS_D_EAU 100
TERRE_ARABLE 100
TERRE_ARABLE 100
COURS_D_EAU 100
TERRE_ARABLE 100
TERRE_ARABLE 100
TERRE_ARABLE 100
TERRE_ARABLE 100
TERRE_ARABLE 100
PATURAGE 100
PATURAGE 100
PATURAGE 100
PATURAGE 100
PATURAGE 100
TERRE_ARABLE 100
TERRE_ARABLE 100
TERRE_ARABLE 100
# ligne 27
TERRE_ARABLE 100
TERRE_ARABLE 100
TERRE_ARABLE 100
TERRE_ARABLE 100
TERRE_ARABLE 100
TERRE_ARABLE 100
TERRE_ARABLE 100
TERRE_ARABLE 100
COURS_D_EAU 100
COURS_D_EAU 100
TERRE_ARABLE 100
TERRE_ARABLE 100
TERRE_ARABLE 100
TERRE_ARABLE 100
TERRE_ARABLE 100
COURS_D_EAU 100
TERRE_ARABLE 100
TERRE_ARABLE 100
TERRE_ARABLE 100
TERRE_ARABLE 100
COURS_D_EAU 100
TERRE_ARABLE 100
TERRE_ARABLE 100
TERRE_ARABLE 100
TERRE_ARABLE 100
TERRE_ARABLE 100
TERRE_ARABLE 100
COURS_D_EAU 100
TERRE_ARABLE 100
TERRE_ARABLE 100
TERRE_ARABLE 100
TERRE_ARABLE 100
TERRE_ARABLE 100
COURS_D_EAU 100
TERRE_ARABLE 100
TERRE_ARABLE 100
COURS_D_EAU 100
TERRE_ARABLE 100
TERRE_ARABLE 100
TERRE_ARABLE 100
TERRE_ARABLE 100
TERRE_ARABLE 100
PATURAGE 100
PATURAGE 100
PATURAGE 100
PATURAGE 100
PATURAGE 100
PATURAGE 100
TERRE_ARABLE 100
TERRE_ARABLE 100
# ligne 28
TERRE_ARABLE 100
TERRE_ARABLE 100
TERRE_ARABLE 100
TERRE_ARABLE 100
TERRE_ARABLE 100
TERRE_ARABLE 100
TERRE_ARABLE 100
TERRE_ARABLE 100
TERRE_ARABLE 100
COURS_D_EAU 100
TERRE_ARABLE 100
TERRE_ARABLE 100
TERRE_ARABLE 100
TERRE_ARABLE 100
TERRE_ARABLE 100
COURS_D_EAU 100
COURS_D_EAU 100
TERRE_ARABLE 100
TERRE_ARABLE 100
TERRE_ARABLE 100
COURS_D_EAU 100
LAC 100
LAC 100
LAC 100
TERRE_ARABLE 100
TERRE_ARABLE 100
TERRE_ARABLE 100
COURS_D_EAU 100
TERRE_ARABLE 100
TERRE_ARABLE 100
TERRE_ARABLE 100
TERRE_ARABLE 100
TERRE_ARABLE 100
COURS_D_EAU 100
TERRE_ARABLE 100
TERRE_ARABLE 100
COURS_D_EAU 100
TERRE_ARABLE 100
TERRE_ARABLE 100
TERRE_ARABLE 100
TERRE_ARABLE 100
TERRE_ARABLE 100
PATURAGE 100
PATURAGE 100
PATURAGE 100
PATURAGE 100
PATURAGE 100
PATURAGE 100
TERRE_ARABLE 100
TERRE_ARABLE 100
# ligne 29
TERRE_ARABLE 100
TERRE_ARABLE 100
TERRE_ARABLE 100
TERRE_ARABLE 100
TERRE_ARABLE 100
TERRE_ARABLE 100
TERRE_ARABLE 100
TERRE_ARABLE 100
TERRE_ARABLE 100
COURS_D_EAU 100
TERRE_ARABLE 100
TERRE_ARABLE 100
TERRE_ARABLE 100
TERRE_ARABLE 100
TERRE_ARABLE 100
TERRE_ARABLE 100
COURS_D_EAU 100
TERRE_ARABLE 100
TERRE_ARABLE 100
TERRE_ARABLE 100
TERRE_ARABLE 100
LAC 100
LAC 100
LAC 100
TERRE_ARABLE 100
TERRE_ARABLE 100
TERRE_ARABLE 100
COURS_D_EAU 100
TERRE_ARABLE 100
TERRE_ARABLE 100
TERRE_ARABLE 100
TERRE_ARABLE 100
COURS_D_EAU 100
TERRE_ARABLE 100
TERRE_ARABLE 100
TERRE_ARABLE 100
COURS_D_EAU 100
TERRE_ARABLE 100
TERRE_ARABLE 100
TERRE_ARABLE 100
TERRE_ARABLE 100
TERRE_ARABLE 100
PATURAGE 100
PATURAGE 100
PATURAGE 100
PATURAGE 100
PATURAGE 100
PATURAGE 100
PATURAGE 100
TERRE_ARABLE 100
# ligne 30
TERRE_ARABLE 100
TERRE_ARABLE 100
TERRE_ARABLE 100
TERRE_ARABLE 100
TERRE_ARABLE 100
TERRE_ARABLE 100
TERRE_ARABLE 100
TERRE_ARABLE 100
TERRE_ARABLE 100
COURS_D_EAU 100
COURS_D_EAU 100
COURS_D_EAU 100
TERRE_ARABLE 100
TERRE_ARABLE 100
TERRE_ARABLE 100
TERRE_ARABLE 100
COURS_D_EAU 100
COURS_D_EAU 100
TERRE_ARABLE 100
TERRE_ARABLE 100
TERRE_ARABLE 100
TERRE_ARABLE 100
LAC 100
TERRE_ARABLE 100
TERRE_ARABLE 100
TERRE_ARABLE 100
TERRE_ARABLE 100
COURS_D_EAU 100
TERRE_ARABLE 100
TERRE_ARABLE 100
TERRE_ARABLE 100
TERRE_ARABLE 100
COURS_D_EAU 100
TERRE_ARABLE 100
TERRE_ARABLE 100
TERRE_ARABLE 100
COURS_D_EAU 100
TERRE_ARABLE 100
TERRE_ARABLE 100
TERRE_ARABLE 100
TERRE_ARABLE 100
TERRE_ARABLE 100
PATURAGE 100
PATURAGE 100
PATURAGE 100
PATURAGE 100
PATURAGE 100
PATURAGE 100
PATURAGE 100
TERRE_ARABLE 100
# ligne 31
TERRE_ARABLE 100
TERRE_ARABLE 100
TERRE_ARABLE 100
TERRE_ARABLE 100
TERRE_ARABLE 100
TERRE_ARABLE 100
TERRE_ARABLE 100
TERRE_ARABLE 100
TERRE_ARABLE 100
TERRE_ARABLE 100
TERRE_ARABLE 100
COURS_D_EAU 100
TERRE_ARABLE 100
TERRE_ARABLE 100
TERRE_ARABLE 100
TERRE_ARABLE 100
TERRE_ARABLE 100
COURS_D_EAU 100
COURS_D_EAU 100
TERRE_ARABLE 100
TERRE_ARABLE 100
TERRE_ARABLE 100
TERRE_ARABLE 100
TERRE_ARABLE 100
TERRE_ARABLE 100
COURS_D_EAU 100
COURS_D_EAU 100
COURS_D_EAU 100
TERRE_ARABLE 100
TERRE_ARABLE 100
TERRE_ARABLE 100
TERRE_ARABLE 100
COURS_D_EAU 100
TERRE_ARABLE 100
TERRE_ARABLE 100
TERRE_ARABLE 100
COURS_D_EAU 100
TERRE_ARABLE 100
TERRE_ARABLE 100
TERRE_ARABLE 100
TERRE_ARABLE 100
TERRE_ARABLE 100
PATURAGE 100
PATURAGE 100
PATURAGE 100
PATURAGE 100
PATURAGE 100
PATURAGE 100
PATURAGE 100
TERRE_ARABLE 100
# ligne 32
TERRE_ARABLE 100
TERRE_ARABLE 100
TERRE_ARABLE 100
TERRE_ARABLE 100
TERRE_ARABLE 100
TERRE_ARABLE 100
TERRE_ARABLE 100
TERRE_ARABLE 100
TERRE_ARABLE 100
TERRE_ARABLE 100
TERRE_ARABLE 100
COURS_D_EAU 100
COURS_D_EAU 100
COURS_D_EAU 100
TERRE_ARABLE 100
TERRE_ARABLE 100
TERRE_ARABLE 100
TERRE_ARABLE 100
COURS_D_EAU 100
COURS_D_EAU 100
TERRE_ARABLE 100
TERRE_ARABLE 100
TERRE_ARABLE 100
COURS_D_EAU 100
COURS_D_EAU 100
COURS_D_EAU 100
TERRE_ARABLE 100
TERRE_ARABLE 100
TERRE_ARABLE 100
TERRE_ARABLE 100
TERRE_ARABLE 100
COURS_D_EAU 100
COURS_D_EAU 100
TERRE_ARABLE 100
TERRE_ARABLE 100
TERRE_ARABLE 100
COURS_D_EAU 100
TERRE_ARABLE 100
TERRE_ARABLE 100
TERRE_ARABLE 100
TERRE_ARABLE 100
TERRE_ARABLE 100
TERRE_ARABLE 100
PATURAGE 100
PATURAGE 100
PATURAGE 100
PATURAGE 100
PATURAGE 100
PATURAGE 100
TERRE_ARABLE 100
# ligne 33
TERRE_ARABLE 100
TERRE_ARABLE 100
TERRE_ARABLE 100
TERRE_ARABLE 100
TERRE_ARABLE 100
TERRE_ARABLE 100
TERRE_ARABLE 100
TERRE_ARABLE 100
TERRE_ARABLE 100
TERRE_ARABLE 100
TERRE_ARABLE 100
TERRE_ARABLE 100
TERRE_ARABLE 100
COURS_D_EAU 100
COURS_D_EAU 100
COURS_D_EAU 100
TERRE_ARABLE 100
TERRE_ARABLE 100
TERRE_ARABLE 100
COURS_D_EAU 100
COURS_D_EAU 100
COURS_D_EAU 100
COURS_D_EAU 100
COURS_D_EAU 100
TERRE_ARABLE 100
TERRE_ARABLE 100
TERRE_ARABLE 100
TERRE_ARABLE 100
TERRE_ARABLE 100
TERRE_ARABLE 100
TERRE_ARABLE 100
COURS_D_EAU 100
TERRE_ARABLE 100
TERRE_ARABLE 100
TERRE_ARABLE 100
TERRE_ARABLE 100
COURS_D_EAU 100
TERRE_ARABLE 100
TERRE_ARABLE 100
TERRE_ARABLE 100
TERRE_ARABLE 100
TERRE_ARABLE 100
TERRE_ARABLE 100
PATURAGE 100
PATURAGE 100
PATURAGE 100
PATURAGE 100
PATURAGE 100
PATURAGE 100
TERRE_ARABLE 100
# ligne 34
TERRE_ARABLE 100
TERRE_ARABLE 100
TERRE_ARABLE 100
TERRE_ARABLE 100
TERRE_ARABLE 100
TERRE_ARABLE 100
TERRE_ARABLE 100
TERRE_ARABLE 100
TERRE_ARABLE 100
TERRE_ARABLE 100
TERRE_ARABLE 100
TERRE_ARABLE 100
TERRE_ARABLE 100
TERRE_ARABLE 100
TERRE_ARABLE 100
COURS_D_EAU 100
COURS_D_EAU 100
TERRE_ARABLE 100
TERRE_ARABLE 100
TERRE_ARABLE 100
TERRE_ARABLE 100
TERRE_ARABLE 100
TERRE_ARABLE 100
TERRE_ARABLE 100
TERRE_ARABLE 100
TERRE_ARABLE 100
TERRE_ARABLE 100
TERRE_ARABLE 100
TERRE_ARABLE 100
TERRE_ARABLE 100
COURS_D_EAU 100
COURS_D_EAU 100
TERRE_ARABLE 100
TERRE_ARABLE 100
TERRE_ARABLE 100
TERRE_ARABLE 100
COURS_D_EAU 100
TERRE_ARABLE 100
TERRE_ARABLE 100
TERRE_ARABLE 100
TERRE_ARABLE 100
TERRE_ARABLE 100
TERRE_ARABLE 100
TERRE_ARABLE 100
TERRE_ARABLE 100
PATURAGE 100
PATURAGE 100
PATURAGE 100
TERRE_ARABLE 100
TERRE_ARABLE 100
# ligne 35
TERRE_ARABLE 100
TERRE_ARABLE 100
TERRE_ARABLE 100
TERRE_ARABLE 100
TERRE_ARABLE 100
TERRE_ARABLE 100
TERRE_ARABLE 100
TERRE_ARABLE 100
TERRE_ARABLE 100
TERRE_ARABLE 100
TERRE_ARABLE 100
TERRE_ARABLE 100
TERRE_ARABLE 100
TERRE_ARABLE 100
TERRE_ARABLE 100
TERRE_ARABLE 100
COURS_D_EAU 100
COURS_D_EAU 100
COURS_D_EAU 100
TERRE_ARABLE 100
TERRE_ARABLE 100
TERRE_ARABLE 100
TERRE_ARABLE 100
TERRE_ARABLE 100
TERRE_ARABLE 100
TERRE_ARABLE 100
TERRE_ARABLE 100
TERRE_ARABLE 100
TERRE_ARABLE 100
COURS_D_EAU 100
COURS_D_EAU 100
TERRE_ARABLE 100
TERRE_ARABLE 100
TERRE_ARABLE 100
TERRE_ARABLE 100
TERRE_ARABLE 100
COURS_D_EAU 100
TERRE_ARABLE 100
TERRE_ARABLE 100
TERRE_ARABLE 100
TERRE_ARABLE 100
TERRE_ARABLE 100
TERRE_ARABLE 100
TERRE_ARABLE 100
TERRE_ARABLE 100
PATURAGE 100
PATURAGE 100
PATURAGE 100
TERRE_ARABLE 100
TERRE_ARABLE 100
# ligne 36
TERRE_ARABLE 100
TERRE_ARABLE 100
TERRE_ARABLE 100
TERRE_ARABLE 100
TERRE_ARABLE 100
TERRE_ARABLE 100
TERRE_ARABLE 100
TERRE_ARABLE 100
TERRE_ARABLE 100
TERRE_ARABLE 100
TERRE_ARABLE 100
TERRE_ARABLE 100
TERRE_ARABLE 100
TERRE_ARABLE 100
TERRE_ARABLE 100
TERRE_ARABLE 100
TERRE_ARABLE 100
TERRE_ARABLE 100
COURS_D_EAU 100
COURS_D_EAU 100
COURS_D_EAU 100
TERRE_ARABLE 100
TERRE_ARABLE 100
TERRE_ARABLE 100
TERRE_ARABLE 100
TERRE_ARABLE 100
TERRE_ARABLE 100
COURS_D_EAU 100
COURS_D_EAU 100
COURS_D_EAU 100
TERRE_ARABLE 100
TERRE_ARABLE 100
TERRE_ARABLE 100
TERRE_ARABLE 100
TERRE_ARABLE 100
TERRE_ARABLE 100
COURS_D_EAU 100
COURS_D_EAU 100
TERRE_ARABLE 100
TERRE_ARABLE 100
TERRE_ARABLE 100
TERRE_ARABLE 100
TERRE_ARABLE 100
TERRE_ARABLE 100
TERRE_ARABLE 100
PATURAGE 100
PATURAGE 100
TERRE_ARABLE 100
TERRE_ARABLE 100
TERRE_ARABLE 100
# ligne 37
TERRE_ARABLE 100
TERRE_ARABLE 100
TERRE_ARABLE 100
TERRE_ARABLE 100
TERRE_ARABLE 100
TERRE_ARABLE 100
TERRE_ARABLE 100
TERRE_ARABLE 100
PATURAGE 100
PATURAGE 100
TERRE_ARABLE 100
PATURAGE 100
PATURAGE 100
PATURAGE 100
TERRE_ARABLE 100
TERRE_ARABLE 100
TERRE_ARABLE 100
TERRE_ARABLE 100
TERRE_ARABLE 100
TERRE_ARABLE 100
COURS_D_EAU 100
COURS_D_EAU 100
COURS_D_EAU 100
COURS_D_EAU 100
COURS_D_EAU 100
COURS_D_EAU 100
COURS_D_EAU 100
COURS_D_EAU 100
TERRE_ARABLE 100
TERRE_ARABLE 100
TERRE_ARABLE 100
TERRE_ARABLE 100
TERRE_ARABLE 100
TERRE_ARABLE 100
TERRE_ARABLE 100
TERRE_ARABLE 100
TERRE_ARABLE 100
COURS_D_EAU 100
TERRE_ARABLE 100
TERRE_ARABLE 100
TERRE_ARABLE 100
TERRE_ARABLE 100
TERRE_ARABLE 100
TERRE_ARABLE 100
TERRE_ARABLE 100
TERRE_ARABLE 100
TERRE_ARABLE 100
TERRE_ARABLE 100
TERRE_ARABLE 100
TERRE_ARABLE 100
# ligne 38
TERRE_ARABLE 100
TERRE_ARABLE 100
TERRE_ARABLE 100
TERRE_ARABLE 100
TERRE_ARABLE 100
TERRE_ARABLE 100
TERRE_ARABLE 100
PATURAGE 100
PATURAGE 100
PATURAGE 100
PATURAGE 100
PATURAGE 100
PATURAGE 100
PATURAGE 100
PATURAGE 100
PATURAGE 100
PATURAGE 100
TERRE_ARABLE 100
TERRE_ARABLE 100
TERRE_ARABLE 100
TERRE_ARABLE 100
TERRE_ARABLE 100
TERRE_ARABLE 100
TERRE_ARABLE 100
TERRE_ARABLE 100
TERRE_ARABLE 100
TERRE_ARABLE 100
TERRE_ARABLE 100
TERRE_ARABLE 100
TERRE_ARABLE 100
TERRE_ARABLE 100
TERRE_ARABLE 100
TERRE_ARABLE 100
TERRE_ARABLE 100
TERRE_ARABLE 100
TERRE_ARABLE 100
TERRE_ARABLE 100
COURS_D_EAU 100
TERRE_ARABLE 100
TERRE_ARABLE 100
TERRE_ARABLE 100
TERRE_ARABLE 100
TERRE_ARABLE 100
TERRE_ARABLE 100
TERRE_ARABLE 100
TERRE_ARABLE 100
TERRE_ARABLE 100
TERRE_ARABLE 100
TERRE_ARABLE 100
TERRE_ARABLE 100
# ligne 39
TERRE_ARABLE 100
TERRE_ARABLE 100
TERRE_ARABLE 100
TERRE_ARABLE 100
TERRE_ARABLE 100
TERRE_ARABLE 100
TERRE_ARABLE 100
PATURAGE 100
PATURAGE 100
PATURAGE 100
PATURAGE 100
PATURAGE 100
PATURAGE 100
PATURAGE 100
PATURAGE 100
PATURAGE 100
PATURAGE 100
PATURAGE 100
TERRE_ARABLE 100
TERRE_ARABLE 100
TERRE_ARABLE 100
TERRE_ARABLE 100
TERRE_ARABLE 100
TERRE_ARABLE 100
TERRE_ARABLE 100
TERRE_ARABLE 100
TERRE_ARABLE 100
TERRE_ARABLE 100
TERRE_ARABLE 100
TERRE_ARABLE 100
TERRE_ARABLE 100
TERRE_ARABLE 100
TERRE_ARABLE 100
TERRE_ARABLE 100
TERRE_ARABLE 100
TERRE_ARABLE 100
TERRE_ARABLE 100
COURS_D_EAU 100
COURS_D_EAU 100
TERRE_ARABLE 100
TERRE_ARABLE 100
TERRE_ARABLE 100
TERRE_ARABLE 100
TERRE_ARABLE 100
TERRE_ARABLE 100
TERRE_ARABLE 100
TERRE_ARABLE 100
TERRE_ARABLE 100
TERRE_ARABLE 100
TERRE_ARABLE 100
# ligne 40
TERRE_ARABLE 100
TERRE_ARABLE 100
TERRE_ARABLE 100
TERRE_ARABLE 100
TERRE_ARABLE 100
TERRE_ARABLE 100
TERRE_ARABLE 100
PATURAGE 100
PATURAGE 100
PATURAGE 100
PATURAGE 100
PATURAGE 100
PATURAGE 100
PATURAGE 100
PATURAGE 100
PATURAGE 100
PATURAGE 100
PATURAGE 100
PATURAGE 100
TERRE_ARABLE 100
TERRE_ARABLE 100
TERRE_ARABLE 100
TERRE_ARABLE 100
TERRE_ARABLE 100
TERRE_ARABLE 100
TERRE_ARABLE 100
TERRE_ARABLE 100
TERRE_ARABLE 100
TERRE_ARABLE 100
TERRE_ARABLE 100
TERRE_ARABLE 100
TERRE_ARABLE 100
TERRE_ARABLE 100
TERRE_ARABLE 100
TERRE_ARABLE 100
TERRE_ARABLE 100
TERRE_ARABLE 100
TERRE_ARABLE 100
COURS_D_EAU 100
COURS_D_EAU 100
COURS_D_EAU 100
TERRE_ARABLE 100
TERRE_ARABLE 100
TERRE_ARABLE 100
TERRE_ARABLE 100
TERRE_ARABLE 100
TERRE_ARABLE 100
TERRE_ARABLE 100
TERRE_ARABLE 100
TERRE_ARABLE 100
# ligne 41
TERRE_ARABLE 100
TERRE_ARABLE 100
TERRE_ARABLE 100
TERRE_ARABLE 100
TERRE_ARABLE 100
TERRE_ARABLE 100
TERRE_ARABLE 100
TERRE_ARABLE 100
PATURAGE 100
PATURAGE 100
PATURAGE 100
PATURAGE 100
PATURAGE 100
PATURAGE 100
PATURAGE 100
PATURAGE 100
PATURAGE 100
PATURAGE 100
PATURAGE 100
TERRE_ARABLE 100
TERRE_ARABLE 100
TERRE_ARABLE 100
TERRE_ARABLE 100
TERRE_ARABLE 100
TERRE_ARABLE 100
TERRE_ARABLE 100
TERRE_ARABLE 100
TERRE_ARABLE 100
TERRE_ARABLE 100
TERRE_ARABLE 100
TERRE_ARABLE 100
TERRE_ARABLE 100
TERRE_ARABLE 100
TERRE_ARABLE 100
TERRE_ARABLE 100
TERRE_ARABLE 100
TERRE_ARABLE 100
TERRE_ARABLE 100
TERRE_ARABLE 100
TERRE_ARABLE 100
COURS_D_EAU 100
COURS_D_EAU 100
TERRE_ARABLE 100
TERRE_ARABLE 100
TERRE_ARABLE 100
TERRE_ARABLE 100
TERRE_ARABLE 100
TERRE_ARABLE 100
TERRE_ARABLE 100
TERRE_ARABLE 100
# ligne 42
TERRE_ARABLE 100
TERRE_ARABLE 100
TERRE_ARABLE 100
TERRE_ARABLE 100
TERRE_ARABLE 100
TERRE_ARABLE 100
TERRE_ARABLE 100
TERRE_ARABLE 100
PATURAGE 100
PATURAGE 100
PATURAGE 100
PATURAGE 100
PATURAGE 100
PATURAGE 100
PATURAGE 100
PATURAGE 100
PATURAGE 100
PATURAGE 100
PATURAGE 100
TERRE_ARABLE 100
TERRE_ARABLE 100
TERRE_ARABLE 100
TERRE_ARABLE 100
TERRE_ARABLE 100
TERRE_ARABLE 100
TERRE_ARABLE 100
TERRE_ARABLE 100
TERRE_ARABLE 100
TERRE_ARABLE 100
TERRE_ARABLE 100
TERRE_ARABLE 100
TERRE_ARABLE 100
TERRE_ARABLE 100
PATURAGE 100
PATURAGE 100
PATURAGE 100
TERRE_ARABLE 100
TERRE_ARABLE 100
TERRE_ARABLE 100
TERRE_ARABLE 100
TERRE_ARABLE 100
COURS_D_EAU 100
TERRE_ARABLE 100
TERRE_ARABLE 100
TERRE_ARABLE 100
TERRE_ARABLE 100
TERRE_ARABLE 100
TERRE_ARABLE 100
TERRE_ARABLE 100
TERRE_ARABLE 100
# ligne 43
TERRE_ARABLE 100
TERRE_ARABLE 100
TERRE_ARABLE 100
TERRE_ARABLE 100
TERRE_ARABLE 100
TERRE_ARABLE 100
TERRE_ARABLE 100
TERRE_ARABLE 100
PATURAGE 100
PATURAGE 100
PATURAGE 100
PATURAGE 100
PATURAGE 100
PATURAGE 100
PATURAGE 100
PATURAGE 100
PATURAGE 100
PATURAGE 100
PATURAGE 100
PATURAGE 100
PATURAGE 100
TERRE_ARABLE 100
TERRE_ARABLE 100
TERRE_ARABLE 100
TERRE_ARABLE 100
TERRE_ARABLE 100
TERRE_ARABLE 100
TERRE_ARABLE 100
TERRE_ARABLE 100
TERRE_ARABLE 100
TERRE_ARABLE 100
TERRE_ARABLE 100
PATURAGE 100
PATURAGE 100
PATURAGE 100
PATURAGE 100
PATURAGE 100
TERRE_ARABLE 100
TERRE_ARABLE 100
TERRE_ARABLE 100
TERRE_ARABLE 100
COURS_D_EAU 100
COURS_D_EAU 100
TERRE_ARABLE 100
TERRE_ARABLE 100
TERRE_ARABLE 100
TERRE_ARABLE 100
TERRE_ARABLE 100
TERRE_ARABLE 100
TERRE_ARABLE 100
# ligne 44
TERRE_ARABLE 100
TERRE_ARABLE 100
TERRE_ARABLE 100
TERRE_ARABLE 100
TERRE_ARABLE 100
TERRE_ARABLE 100
TERRE_ARABLE 100
TERRE_ARABLE 100
TERRE_ARABLE 100
PATURAGE 100
PATURAGE 100
PATURAGE 100
PATURAGE 100
PATURAGE 100
PATURAGE 100
PATURAGE 100
PATURAGE 100
PATURAGE 100
PATURAGE 100
PATURAGE 100
PATURAGE 100
TERRE_ARABLE 100
TERRE_ARABLE 100
TERRE_ARABLE 100
TERRE_ARABLE 100
TERRE_ARABLE 100
TERRE_ARABLE 100
TERRE_ARABLE 100
TERRE_ARABLE 100
TERRE_ARABLE 100
TERRE_ARABLE 100
TERRE_ARABLE 100
PATURAGE 100
PATURAGE 100
PATURAGE 100
PATURAGE 100
PATURAGE 100
TERRE_ARABLE 100
TERRE_ARABLE 100
TERRE_ARABLE 100
TERRE_ARABLE 100
TERRE_ARABLE 100
COURS_D_EAU 100
COURS_D_EAU 100
COURS_D_EAU 100
TERRE_ARABLE 100
TERRE_ARABLE 100
TERRE_ARABLE 100
TERRE_ARABLE 100
TERRE_ARABLE 100
# ligne 45
TERRE_ARABLE 100
TERRE_ARABLE 100
TERRE_ARABLE 100
TERRE_ARABLE 100
TERRE_ARABLE 100
TERRE_ARABLE 100
TERRE_ARABLE 100
TERRE_ARABLE 100
TERRE_ARABLE 100
PATURAGE 100
TERRE_ARABLE 100
PATURAGE 100
PATURAGE 100
PATURAGE 100
PATURAGE 100
PATURAGE 100
PATURAGE 100
PATURAGE 100
PATURAGE 100
PATURAGE 100
TERRE_ARABLE 100
TERRE_ARABLE 100
TERRE_ARABLE 100
TERRE_ARABLE 100
TERRE_ARABLE 100
TERRE_ARABLE 100
TERRE_ARABLE 100
TERRE_ARABLE 100
TERRE_ARABLE 100
TERRE_ARABLE 100
TERRE_ARABLE 100
TERRE_ARABLE 100
PATURAGE 100
PATURAGE 100
PATURAGE 100
PATURAGE 100
PATURAGE 100
TERRE_ARABLE 100
TERRE_ARABLE 100
TERRE_ARABLE 100
TERRE_ARABLE 100
TERRE_ARABLE 100
TERRE_ARABLE 100
TERRE_ARABLE 100
COURS_D_EAU 100
COURS_D_EAU 100
TERRE_ARABLE 100
TERRE_ARABLE 100
TERRE_ARABLE 100
TERRE_ARABLE 100
# ligne 46
TERRE_ARABLE 100
TERRE_ARABLE 100
TERRE_ARABLE 100
TERRE_ARABLE 100
TERRE_ARABLE 100
TERRE_ARABLE 100
TERRE_ARABLE 100
TERRE_ARABLE 100
TERRE_ARABLE 100
TERRE_ARABLE 100
TERRE_ARABLE 100
PATURAGE 100
PATURAGE 100
TERRE_ARABLE 100
PATURAGE 100
PATURAGE 100
PATURAGE 100
TERRE_ARABLE 100
TERRE_ARABLE 100
TERRE_ARABLE 100
TERRE_ARABLE 100
TERRE_ARABLE 100
TERRE_ARABLE 100
TERRE_ARABLE 100
TERRE_ARABLE 100
TERRE_ARABLE 100
TERRE_ARABLE 100
TERRE_ARABLE 100
TERRE_ARABLE 100
TERRE_ARABLE 100
TERRE_ARABLE 100
TERRE_ARABLE 100
PATURAGE 100
PATURAGE 100
PATURAGE 100
PATURAGE 100
PATURAGE 100
PATURAGE 100
TERRE_ARABLE 100
TERRE_ARABLE 100
TERRE_ARABLE 100
TERRE_ARABLE 100
TERRE_ARABLE 100
TERRE_ARABLE 100
TERRE_ARABLE 100
COURS_D_EAU 100
COURS_D_EAU 100
TERRE_ARABLE 100
TERRE_ARABLE 100
TERRE_ARABLE 100
# ligne 47
TERRE_ARABLE 100
TERRE_ARABLE 100
TERRE_ARABLE 100
TERRE_ARABLE 100
TERRE_ARABLE 100
TERRE_ARABLE 100
TERRE_ARABLE 100
TERRE_ARABLE 100
TERRE_ARABLE 100
TERRE_ARABLE 100
TERRE_ARABLE 100
TERRE_ARABLE 100
TERRE_ARABLE 100
TERRE_ARABLE 100
TERRE_ARABLE 100
TERRE_ARABLE 100
TERRE_ARABLE 100
TERRE_ARABLE 100
TERRE_ARABLE 100
TERRE_ARABLE 100
TERRE_ARABLE 100
TERRE_ARABLE 100
TERRE_ARABLE 100
TERRE_ARABLE 100
TERRE_ARABLE 100
TERRE_ARABLE 100
TERRE_ARABLE 100
TERRE_ARABLE 100
TERRE_ARABLE 100
TERRE_ARABLE 100
TERRE_ARABLE 100
TERRE_ARABLE 100
PATURAGE 100
PATURAGE 100
PATURAGE 100
PATURAGE 100
PATURAGE 100
TERRE_ARABLE 100
TERRE_ARABLE 100
TERRE_ARABLE 100
TERRE_ARABLE 100
TERRE_ARABLE 100
TERRE_ARABLE 100
TERRE_ARABLE 100
TERRE_ARABLE 100
TERRE_ARABLE 100
COURS_D_EAU 100
COURS_D_EAU 100
COURS_D_EAU 100
TERRE_ARABLE 100
# ligne 48
TERRE_ARABLE 100
TERRE_ARABLE 100
TERRE_ARABLE 100
TERRE_ARABLE 100
TERRE_ARABLE 100
TERRE_ARABLE 100
TERRE_ARABLE 100
TERRE_ARABLE 100
TERRE_ARABLE 100
TERRE_ARABLE 100
TERRE_ARABLE 100
TERRE_ARABLE 100
TERRE_ARABLE 100
TERRE_ARABLE 100
TERRE_ARABLE 100
TERRE_ARABLE 100
TERRE_ARABLE 100
TERRE_ARABLE 100
TERRE_ARABLE 100
TERRE_ARABLE 100
TERRE_ARABLE 100
TERRE_ARABLE 100
TERRE_ARABLE 100
TERRE_ARABLE 100
TERRE_ARABLE 100
TERRE_ARABLE 100
TERRE_ARABLE 100
TERRE_ARABLE 100
TERRE_ARABLE 100
TERRE_ARABLE 100
TERRE_ARABLE 100
TERRE_ARABLE 100
PATURAGE 100
PATURAGE 100
PATURAGE 100
PATURAGE 100
PATURAGE 100
PATURAGE 100
TERRE_ARABLE 100
TERRE_ARABLE 100
TERRE_ARABLE 100
TERRE_ARABLE 100
TERRE_ARABLE 100
TERRE_ARABLE 100
TERRE_ARABLE 100
TERRE_ARABLE 100
TERRE_ARABLE 100
TERRE_ARABLE 100
COURS_D_EAU 100
COURS_D_EAU 100
# ligne 49
TERRE_ARABLE 100
TERRE_ARABLE 100
TERRE_ARABLE 100
TERRE_ARABLE 100
TERRE_ARABLE 100
TERRE_ARABLE 100
TERRE_ARABLE 100
TERRE_ARABLE 100
TERRE_ARABLE 100
TERRE_ARABLE 100
TERRE_ARABLE 100
TERRE_ARABLE 100
TERRE_ARABLE 100
TERRE_ARABLE 100
TERRE_ARABLE 100
TERRE_ARABLE 100
TERRE_ARABLE 100
TERRE_ARABLE 100
TERRE_ARABLE 100
TERRE_ARABLE 100
TERRE_ARABLE 100
TERRE_ARABLE 100
TERRE_ARABLE 100
TERRE_ARABLE 100
TERRE_ARABLE 100
TERRE_ARABLE 100
TERRE_ARABLE 100
TERRE_ARABLE 100
TERRE_ARABLE 100
TERRE_ARABLE 100
TERRE_ARABLE 100
TERRE_ARABLE 100
PATURAGE 100
PATURAGE 100
PATURAGE 100
TERRE_ARABLE 100
TERRE_ARABLE 100
TERRE_ARABLE 100
TERRE_ARABLE 100
TERRE_ARABLE 100
TERRE_ARABLE 100
TERRE_ARABLE 100
TERRE_ARABLE 100
TERRE_ARABLE 100
TERRE_ARABLE 100
TERRE_ARABLE 100
TERRE_ARABLE 100
TERRE_ARABLE 100
TERRE_ARABLE 100
COURS_D_EAU 100

# Incendies
28
0 43 0.2
0 44 0.4
0 45 1.0
0 46 1.0
0 47 1.0
0 48 1.0
1 43 0.2
1 44 0.2
1 45 1.0
1 46 1.0
1 47 1.0
1 48 1.0
1 49 1.0
2 44 0.4
2 45 0.4
2 46 0.4
2 47 1.0
2 48 1.0
2 49 1.0
3 45 0.4
3 46 0.4
3 47 1.0
3 48 0.2
4 45 0.4
4 46 0.4
4 47 0.4
4 48 0.2
4 49 0.2

# Robots
3
8 3 CHENILLES
48 5 PATTES
48 44 ROUES

